Thu Jan 08 19:49:34 CET 2026 : Servidor de red Apache Derby: Se ha iniciado 10.15.2.0 - (1873585) y está listo para aceptar las conexiones en el puerto 1527
Thu Jan 08 19:49:38 CET 2026 Thread[#28,DRDAConnThread_2,5,main] Cleanup action starting
java.sql.SQLException: No se ha encontrado la base de datos 'CookingUAHBBDD'.
	at org.apache.derby.impl.jdbc.SQLExceptionFactory.getSQLException(SQLExceptionFactory.java:115)
	at org.apache.derby.impl.jdbc.SQLExceptionFactory.getSQLException(SQLExceptionFactory.java:141)
	at org.apache.derby.impl.jdbc.Util.generateCsSQLException(Util.java:225)
	at org.apache.derby.impl.jdbc.Util.generateCsSQLException(Util.java:220)
	at org.apache.derby.impl.jdbc.EmbedConnection.newSQLException(EmbedConnection.java:3215)
	at org.apache.derby.impl.jdbc.EmbedConnection.handleDBNotFound(EmbedConnection.java:772)
	at org.apache.derby.impl.jdbc.EmbedConnection.<init>(EmbedConnection.java:442)
	at org.apache.derby.iapi.jdbc.InternalDriver$1.run(InternalDriver.java:660)
	at org.apache.derby.iapi.jdbc.InternalDriver$1.run(InternalDriver.java:656)
	at java.base/java.security.AccessController.doPrivileged(AccessController.java:251)
	at org.apache.derby.iapi.jdbc.InternalDriver.getNewEmbedConnection(InternalDriver.java:654)
	at org.apache.derby.iapi.jdbc.InternalDriver.connect(InternalDriver.java:300)
	at org.apache.derby.iapi.jdbc.InternalDriver.connect(InternalDriver.java:967)
	at org.apache.derby.jdbc.EmbeddedDriver.connect(EmbeddedDriver.java:125)
	at org.apache.derby.impl.drda.Database.makeConnection(Database.java:253)
	at org.apache.derby.impl.drda.DRDAConnThread.getConnFromDatabaseName(DRDAConnThread.java:1476)
	at org.apache.derby.impl.drda.DRDAConnThread.verifyUserIdPassword(DRDAConnThread.java:1426)
	at org.apache.derby.impl.drda.DRDAConnThread.parseSECCHK(DRDAConnThread.java:3380)
	at org.apache.derby.impl.drda.DRDAConnThread.parseDRDAConnection(DRDAConnThread.java:1210)
	at org.apache.derby.impl.drda.DRDAConnThread.processCommands(DRDAConnThread.java:1010)
	at org.apache.derby.impl.drda.DRDAConnThread.run(DRDAConnThread.java:300)
Caused by: ERROR XJ004: No se ha encontrado la base de datos 'CookingUAHBBDD'.
	at org.apache.derby.shared.common.error.StandardException.newException(StandardException.java:300)
	at org.apache.derby.impl.jdbc.SQLExceptionFactory.wrapArgsForTransportAcrossDRDA(SQLExceptionFactory.java:170)
	at org.apache.derby.impl.jdbc.SQLExceptionFactory.getSQLException(SQLExceptionFactory.java:75)
	... 20 more
============= begin nested exception, level (1) ===========
ERROR XJ004: No se ha encontrado la base de datos 'CookingUAHBBDD'.
	at org.apache.derby.shared.common.error.StandardException.newException(StandardException.java:300)
	at org.apache.derby.impl.jdbc.SQLExceptionFactory.wrapArgsForTransportAcrossDRDA(SQLExceptionFactory.java:170)
	at org.apache.derby.impl.jdbc.SQLExceptionFactory.getSQLException(SQLExceptionFactory.java:75)
	at org.apache.derby.impl.jdbc.SQLExceptionFactory.getSQLException(SQLExceptionFactory.java:141)
	at org.apache.derby.impl.jdbc.Util.generateCsSQLException(Util.java:225)
	at org.apache.derby.impl.jdbc.Util.generateCsSQLException(Util.java:220)
	at org.apache.derby.impl.jdbc.EmbedConnection.newSQLException(EmbedConnection.java:3215)
	at org.apache.derby.impl.jdbc.EmbedConnection.handleDBNotFound(EmbedConnection.java:772)
	at org.apache.derby.impl.jdbc.EmbedConnection.<init>(EmbedConnection.java:442)
	at org.apache.derby.iapi.jdbc.InternalDriver$1.run(InternalDriver.java:660)
	at org.apache.derby.iapi.jdbc.InternalDriver$1.run(InternalDriver.java:656)
	at java.base/java.security.AccessController.doPrivileged(AccessController.java:251)
	at org.apache.derby.iapi.jdbc.InternalDriver.getNewEmbedConnection(InternalDriver.java:654)
	at org.apache.derby.iapi.jdbc.InternalDriver.connect(InternalDriver.java:300)
	at org.apache.derby.iapi.jdbc.InternalDriver.connect(InternalDriver.java:967)
	at org.apache.derby.jdbc.EmbeddedDriver.connect(EmbeddedDriver.java:125)
	at org.apache.derby.impl.drda.Database.makeConnection(Database.java:253)
	at org.apache.derby.impl.drda.DRDAConnThread.getConnFromDatabaseName(DRDAConnThread.java:1476)
	at org.apache.derby.impl.drda.DRDAConnThread.verifyUserIdPassword(DRDAConnThread.java:1426)
	at org.apache.derby.impl.drda.DRDAConnThread.parseSECCHK(DRDAConnThread.java:3380)
	at org.apache.derby.impl.drda.DRDAConnThread.parseDRDAConnection(DRDAConnThread.java:1210)
	at org.apache.derby.impl.drda.DRDAConnThread.processCommands(DRDAConnThread.java:1010)
	at org.apache.derby.impl.drda.DRDAConnThread.run(DRDAConnThread.java:300)
============= end nested exception, level (1) ===========
Cleanup action completed
Thu Jan 08 19:49:38 CET 2026 Thread[#28,DRDAConnThread_2,5,main] (DATABASE = CookingUAHBBDD), (DRDAID = {1}), No se ha encontrado la base de datos 'CookingUAHBBDD'.
----------------------------------------------------------------
Thu Jan 08 19:49:51 CET 2026:
 Iniciando instancia a816c00e-019b-9ef1-52cc-000011be516d de Derby, versión The Apache Software Foundation - Apache Derby - 10.15.2.0 - (1873585): 
en el directorio de base de datos /home/fernando/Escritorio/(5 - J) Arquitectura y Diseño Web/Laboratorio/PL2/WEB/CookingUAHBBDD con el cargador de clases jdk.internal.loader.ClassLoaders$AppClassLoader@502f3a78
Cargado desde file:/home/fernando/GlassFish_Server/javadb/lib/derby.jar
java.vendor=Oracle Corporation
java.runtime.version=24.0.2+12-54
user.dir=/home/fernando/GlassFish_Server/javadb
os.name=Linux
os.arch=amd64
os.version=6.14.0-37-generic
derby.system.home=/home/fernando/Escritorio/(5 - J) Arquitectura y Diseño Web/Laboratorio/PL2/WEB
Cargador de clases de base de datos iniciado - derby.database.classpath=''
----------------------------------------------------------------
Thu Jan 08 19:49:52 CET 2026:
Cerrando la instancia a816c00e-019b-9ef1-52cc-000011be516d en el directorio de base de datos /home/fernando/Escritorio/(5 - J) Arquitectura y Diseño Web/Laboratorio/PL2/WEB/CookingUAHBBDD con cargador de clases jdk.internal.loader.ClassLoaders$AppClassLoader@502f3a78
Thu Jan 08 19:49:52 CET 2026 Thread[#28,DRDAConnThread_2,5,main] (DATABASE = CookingUAHBBDD), (DRDAID = {3}), Cierre de la base de datos 'CookingUAHBBDD'.
----------------------------------------------------------------
Thu Jan 08 19:49:58 CET 2026:
 Iniciando instancia 97e00100-019b-9ef1-52cc-000011be516d de Derby, versión The Apache Software Foundation - Apache Derby - 10.15.2.0 - (1873585): 
en el directorio de base de datos /home/fernando/Escritorio/(5 - J) Arquitectura y Diseño Web/Laboratorio/PL2/WEB/CookingUAHBBDD con el cargador de clases jdk.internal.loader.ClassLoaders$AppClassLoader@502f3a78
Cargado desde file:/home/fernando/GlassFish_Server/javadb/lib/derby.jar
java.vendor=Oracle Corporation
java.runtime.version=24.0.2+12-54
user.dir=/home/fernando/GlassFish_Server/javadb
os.name=Linux
os.arch=amd64
os.version=6.14.0-37-generic
derby.system.home=/home/fernando/Escritorio/(5 - J) Arquitectura y Diseño Web/Laboratorio/PL2/WEB
Cargador de clases de base de datos iniciado - derby.database.classpath=''
